// Jest Snapshot v1, https://jestjs.io/docs/snapshot-testing

exports[`Testing CounterApp debe de hacer match con el snapshot 1`] = `
<div>
  <h1>
    CounterApp
  </h1>
  <h2>
     
    10
  </h2>
  <button
    class="customButtom"
  >
    +1
  </button>
  <button
    class="customButtom m-l"
  >
    -1
  </button>
  <button
    class="customButtom m-l"
  >
    Reset
  </button>
</div>
`;
