// Jest Snapshot v1, https://jestjs.io/docs/snapshot-testing

exports[`GifItem Component should match snapshot 1`] = `
<div>
  <div
    class="card"
  >
    <img
      alt="Test Tag"
      class="card-image object-fit-scale"
      src="https://test-url.com/image.jpg"
    />
    <p
      class="card-text text-center"
    >
      Test Tag
    </p>
  </div>
</div>
`;
